// Jest Snapshot v1, https://goo.gl/fbAQLP

exports[`Logo component renders Logo by default 1`] = `
<Fragment>
  <nav
    className="navigationHeader"
  >
    <Link
      to="/"
    >
      <div
        className="wholeLogo"
      >
        <img
          alt="logo"
          src="pawprint-logo.png"
        />
        <div
          className="logo-title"
        >
          <h1>
            PawPrint
          </h1>
          <p>
            Dog scheduling made easy
          </p>
        </div>
      </div>
    </Link>
  </nav>
</Fragment>
`;

exports[`Logo component renders the Logo given props 1`] = `
<Fragment>
  <nav
    className="navigationHeader"
  >
    <Link
      to="/"
    >
      <div
        className="wholeLogo"
      >
        <img
          alt="logo"
          src="pawprint-logo.png"
        />
        <div
          className="logo-title"
        >
          <h1>
            PawPrint
          </h1>
          <p>
            Dog scheduling made easy
          </p>
        </div>
      </div>
    </Link>
  </nav>
</Fragment>
`;
